representation=dense (u32 array, 19135928 bytes for 4783982 cells)
RESULT target=15 status=MAX_STEPS steps=4782970 padwidth=15 growth=5 final_c=4782970 cells=4783982 capacity=0 stdout_len=1577368 repr=dense
	Command being timed: "zig run -O ReleaseFast --dep malbolge_free --dep ladder_cfg -Mroot=evidence/M5_LADDER_SCALE/ladder_scale.zig -Mmalbolge_free=src/malbolge_free.zig -Mladder_cfg=/tmp/e20-recheck-20261008/calibration_cfg.zig"
	User time (seconds): 0.25
	System time (seconds): 0.01
	Percent of CPU this job got: 99%
	Elapsed (wall clock) time (h:mm:ss or m:ss): 0:00.27
	Average shared text size (kbytes): 0
	Average unshared data size (kbytes): 0
	Average stack size (kbytes): 0
	Average total size (kbytes): 0
	Maximum resident set size (kbytes): 36692
	Average resident set size (kbytes): 0
	Major (requiring I/O) page faults: 0
	Minor (reclaiming a frame) page faults: 7436
	Voluntary context switches: 1
	Involuntary context switches: 71
	Swaps: 0
	File system inputs: 0
	File system outputs: 0
	Socket messages sent: 0
	Socket messages received: 0
	Signals delivered: 0
	Page size (bytes): 4096
	Exit status: 0
