DETERMINISM name=epochal_w4_multi match=true
DEGENERATION name=epochal_below_frontier match=true padwidth=4 growth_events=0
GUARD name=epochal_requires_no_wrap note=python-constructor-raises
EPOCHAL_CASES=3
PYTHON_GUARD_REJECTS_WRAP=True
  epochal_w3_multi: zig steps=300 padwidth=6 growth=3 | py steps=300 padwidth=6 growth=3 | match=yes
  epochal_w4_multi: zig steps=1200 padwidth=7 growth=3 | py steps=1200 padwidth=7 growth=3 | match=yes
  epochal_w10_single: zig steps=60000 padwidth=11 growth=1 | py steps=60000 padwidth=11 growth=1 | match=yes
EPOCHAL_PYTHON_PARITY=PASS
	Command being timed: "python3 evidence/compare_epochal.py --output /tmp/e20-recheck-20261008/epochal_python.json"
	User time (seconds): 0.30
	System time (seconds): 0.02
	Percent of CPU this job got: 99%
	Elapsed (wall clock) time (h:mm:ss or m:ss): 0:00.33
	Average shared text size (kbytes): 0
	Average unshared data size (kbytes): 0
	Average stack size (kbytes): 0
	Average total size (kbytes): 0
	Maximum resident set size (kbytes): 35864
	Average resident set size (kbytes): 0
	Major (requiring I/O) page faults: 0
	Minor (reclaiming a frame) page faults: 7715
	Voluntary context switches: 9
	Involuntary context switches: 28
	Swaps: 0
	File system inputs: 0
	File system outputs: 8
	Socket messages sent: 0
	Socket messages received: 0
	Signals delivered: 0
	Page size (bytes): 4096
	Exit status: 0
