1/2 t_epochal.test.epochal k=10 == fixed k=10 (no widening trigger)...epochal-from-k10: growth_events=0 (never widened — confirmation)
OK
2/2 t_epochal.test.epochal from k=20: a rot ALSO can't widen (rot needs operands wider than width)...epochal-from-k20: growth_events=0 (none expected — no legal way to widen)
OK
All 2 tests passed.
	Command being timed: "zig test --dep malbolge_free=malbolge_free -Mroot=tests/t_epochal.zig -Mmalbolge_free=src/malbolge_free.zig"
	User time (seconds): 0.00
	System time (seconds): 0.00
	Percent of CPU this job got: 92%
	Elapsed (wall clock) time (h:mm:ss or m:ss): 0:00.01
	Average shared text size (kbytes): 0
	Average unshared data size (kbytes): 0
	Average stack size (kbytes): 0
	Average total size (kbytes): 0
	Maximum resident set size (kbytes): 36708
	Average resident set size (kbytes): 0
	Major (requiring I/O) page faults: 0
	Minor (reclaiming a frame) page faults: 1955
	Voluntary context switches: 4
	Involuntary context switches: 2
	Swaps: 0
	File system inputs: 0
	File system outputs: 0
	Socket messages sent: 0
	Socket messages received: 0
	Signals delivered: 0
	Page size (bytes): 4096
	Exit status: 0
