	Command being timed: "zig build-exe -O ReleaseFast --dep malbolge_free --dep ladder_cfg -Mroot=/home/runner/work/_temp/start1-scale/probe_start1.zig -Mmalbolge_free=/home/runner/work/_temp/start1-scale/observed_core.zig -Mladder_cfg=/home/runner/work/_temp/start1-scale/cfg8.zig -femit-bin=/home/runner/work/_temp/start1-scale/vm8-True"
	User time (seconds): 10.26
	System time (seconds): 0.50
	Percent of CPU this job got: 99%
	Elapsed (wall clock) time (h:mm:ss or m:ss): 0:10.78
	Average shared text size (kbytes): 0
	Average unshared data size (kbytes): 0
	Average stack size (kbytes): 0
	Average total size (kbytes): 0
	Maximum resident set size (kbytes): 363724
	Average resident set size (kbytes): 0
	Major (requiring I/O) page faults: 14
	Minor (reclaiming a frame) page faults: 269020
	Voluntary context switches: 4002
	Involuntary context switches: 106
	Swaps: 0
	File system inputs: 0
	File system outputs: 17328
	Socket messages sent: 0
	Socket messages received: 0
	Signals delivered: 0
	Page size (bytes): 4096
	Exit status: 0
