	Command being timed: "zig build-exe -O ReleaseFast --dep malbolge_free --dep ladder_cfg -Mroot=/home/runner/work/_temp/start1-scale/probe_start1.zig -Mmalbolge_free=/home/runner/work/MalbolgeFree/MalbolgeFree/src/malbolge_free.zig -Mladder_cfg=/home/runner/work/_temp/start1-scale/cfg1.zig -femit-bin=/home/runner/work/_temp/start1-scale/vm1-False"
	User time (seconds): 12.85
	System time (seconds): 0.62
	Percent of CPU this job got: 99%
	Elapsed (wall clock) time (h:mm:ss or m:ss): 0:13.48
	Average shared text size (kbytes): 0
	Average unshared data size (kbytes): 0
	Average stack size (kbytes): 0
	Average total size (kbytes): 0
	Maximum resident set size (kbytes): 403752
	Average resident set size (kbytes): 0
	Major (requiring I/O) page faults: 17
	Minor (reclaiming a frame) page faults: 312836
	Voluntary context switches: 5671
	Involuntary context switches: 118
	Swaps: 0
	File system inputs: 96
	File system outputs: 108440
	Socket messages sent: 0
	Socket messages received: 0
	Signals delivered: 0
	Page size (bytes): 4096
	Exit status: 0
