	Command being timed: "zig build-exe -O ReleaseFast --dep malbolge_free --dep ladder_cfg -Mroot=/home/runner/work/_temp/start1-scale/probe_start1.zig -Mmalbolge_free=/home/runner/work/_temp/start1-scale/observed_core.zig -Mladder_cfg=/home/runner/work/_temp/start1-scale/cfg3.zig -femit-bin=/home/runner/work/_temp/start1-scale/vm3-True"
	User time (seconds): 10.29
	System time (seconds): 0.51
	Percent of CPU this job got: 99%
	Elapsed (wall clock) time (h:mm:ss or m:ss): 0:10.81
	Average shared text size (kbytes): 0
	Average unshared data size (kbytes): 0
	Average stack size (kbytes): 0
	Average total size (kbytes): 0
	Maximum resident set size (kbytes): 359836
	Average resident set size (kbytes): 0
	Major (requiring I/O) page faults: 15
	Minor (reclaiming a frame) page faults: 274325
	Voluntary context switches: 4327
	Involuntary context switches: 132
	Swaps: 0
	File system inputs: 0
	File system outputs: 17464
	Socket messages sent: 0
	Socket messages received: 0
	Signals delivered: 0
	Page size (bytes): 4096
	Exit status: 0
