	Command being timed: "zig build-exe -O ReleaseFast --dep malbolge_free --dep ladder_cfg -Mroot=/home/runner/work/_temp/start1-scale/probe_start1.zig -Mmalbolge_free=/home/runner/work/_temp/start1-scale/observed_core.zig -Mladder_cfg=/home/runner/work/_temp/start1-scale/cfg12.zig -femit-bin=/home/runner/work/_temp/start1-scale/vm12-True"
	User time (seconds): 10.37
	System time (seconds): 0.46
	Percent of CPU this job got: 99%
	Elapsed (wall clock) time (h:mm:ss or m:ss): 0:10.87
	Average shared text size (kbytes): 0
	Average unshared data size (kbytes): 0
	Average stack size (kbytes): 0
	Average total size (kbytes): 0
	Maximum resident set size (kbytes): 360276
	Average resident set size (kbytes): 0
	Major (requiring I/O) page faults: 18
	Minor (reclaiming a frame) page faults: 269502
	Voluntary context switches: 3979
	Involuntary context switches: 126
	Swaps: 0
	File system inputs: 0
	File system outputs: 17344
	Socket messages sent: 0
	Socket messages received: 0
	Signals delivered: 0
	Page size (bytes): 4096
	Exit status: 0
