representation=dense (u32 array, 172190936 bytes for 43047734 cells)
LABEL boot_width=1 source_ascii_min=33 boot_word_max=2 source_cells_outside_boot_word=43047722 classification=PARAMETRIC_ASCII_OUTSIDE_BOOT_WORD
WIDEN step=4 c=3 d=3 old_w=1 new_w=2
WIDEN step=10 c=9 d=9 old_w=2 new_w=3
WIDEN step=28 c=27 d=27 old_w=3 new_w=4
WIDEN step=82 c=81 d=81 old_w=4 new_w=5
WIDEN step=244 c=243 d=243 old_w=5 new_w=6
WIDEN step=730 c=729 d=729 old_w=6 new_w=7
WIDEN step=2188 c=2187 d=2187 old_w=7 new_w=8
WIDEN step=6562 c=6561 d=6561 old_w=8 new_w=9
WIDEN step=19684 c=19683 d=19683 old_w=9 new_w=10
WIDEN step=59050 c=59049 d=59049 old_w=10 new_w=11
WIDEN step=177148 c=177147 d=177147 old_w=11 new_w=12
WIDEN step=531442 c=531441 d=531441 old_w=12 new_w=13
WIDEN step=1594324 c=1594323 d=1594323 old_w=13 new_w=14
WIDEN step=4782970 c=4782969 d=4782969 old_w=14 new_w=15
WIDEN step=14348908 c=14348907 d=14348907 old_w=15 new_w=16
WIDEN step=43046722 c=43046721 d=43046721 old_w=16 new_w=17
RESULT target=17 status=MAX_STEPS steps=43046722 padwidth=17 growth=16 final_c=43046722 cells=43047734 capacity=0 stdout_len=14196264 repr=dense
HASH source=5be9840cea5428cc35e87e0e1a805375c37b34933d6d79f5f0da259c8f81bc58 stdout=1fbde8346ab67e6350d51bdaa72f5bbd88013df0aeb669d2ba031d5a66a5be35 final_d=43046722 encrypted=34345749 assisted=0
	Command being timed: "/home/runner/work/_temp/start1-scale/vm17-True"
	User time (seconds): 2.34
	System time (seconds): 0.02
	Percent of CPU this job got: 100%
	Elapsed (wall clock) time (h:mm:ss or m:ss): 0:02.37
	Average shared text size (kbytes): 0
	Average unshared data size (kbytes): 0
	Average stack size (kbytes): 0
	Average total size (kbytes): 0
	Maximum resident set size (kbytes): 225188
	Average resident set size (kbytes): 0
	Major (requiring I/O) page faults: 0
	Minor (reclaiming a frame) page faults: 3585
	Voluntary context switches: 1
	Involuntary context switches: 17
	Swaps: 0
	File system inputs: 0
	File system outputs: 0
	Socket messages sent: 0
	Socket messages received: 0
	Signals delivered: 0
	Page size (bytes): 4096
	Exit status: 0
