representation=dense (u32 array, 1549686008 bytes for 387421502 cells)
LABEL boot_width=1 source_ascii_min=33 boot_word_max=2 source_cells_outside_boot_word=387421490 classification=PARAMETRIC_ASCII_OUTSIDE_BOOT_WORD
WIDEN step=4 c=3 d=3 old_w=1 new_w=2
WIDEN step=10 c=9 d=9 old_w=2 new_w=3
WIDEN step=28 c=27 d=27 old_w=3 new_w=4
WIDEN step=82 c=81 d=81 old_w=4 new_w=5
WIDEN step=244 c=243 d=243 old_w=5 new_w=6
WIDEN step=730 c=729 d=729 old_w=6 new_w=7
WIDEN step=2188 c=2187 d=2187 old_w=7 new_w=8
WIDEN step=6562 c=6561 d=6561 old_w=8 new_w=9
WIDEN step=19684 c=19683 d=19683 old_w=9 new_w=10
WIDEN step=59050 c=59049 d=59049 old_w=10 new_w=11
WIDEN step=177148 c=177147 d=177147 old_w=11 new_w=12
WIDEN step=531442 c=531441 d=531441 old_w=12 new_w=13
WIDEN step=1594324 c=1594323 d=1594323 old_w=13 new_w=14
WIDEN step=4782970 c=4782969 d=4782969 old_w=14 new_w=15
WIDEN step=14348908 c=14348907 d=14348907 old_w=15 new_w=16
WIDEN step=43046722 c=43046721 d=43046721 old_w=16 new_w=17
WIDEN step=129140164 c=129140163 d=129140163 old_w=17 new_w=18
WIDEN step=387420490 c=387420489 d=387420489 old_w=18 new_w=19
RESULT target=19 status=MAX_STEPS steps=387420490 padwidth=19 growth=18 final_c=387420490 cells=387421502 capacity=0 stdout_len=127766332 repr=dense
HASH source=54b18d09d211831332d8ac29c4f02014a0277fba5acfd3f510d30c7dfe7e2480 stdout=df64ebc07472cb29d75904896ad0963bdb402387816084546242474eac8cd88b final_d=387420490 encrypted=309112048 assisted=0
	Command being timed: "/home/runner/work/_temp/start1-scale/vm19-True"
	User time (seconds): 22.40
	System time (seconds): 0.24
	Percent of CPU this job got: 99%
	Elapsed (wall clock) time (h:mm:ss or m:ss): 0:22.65
	Average shared text size (kbytes): 0
	Average unshared data size (kbytes): 0
	Average stack size (kbytes): 0
	Average total size (kbytes): 0
	Maximum resident set size (kbytes): 2018064
	Average resident set size (kbytes): 0
	Major (requiring I/O) page faults: 0
	Minor (reclaiming a frame) page faults: 7200
	Voluntary context switches: 1
	Involuntary context switches: 159
	Swaps: 0
	File system inputs: 0
	File system outputs: 0
	Socket messages sent: 0
	Socket messages received: 0
	Signals delivered: 0
	Page size (bytes): 4096
	Exit status: 0
