representation=dense (u32 array, 5024 bytes for 1256 cells)
LABEL boot_width=1 source_ascii_min=33 boot_word_max=2 source_cells_outside_boot_word=1244 classification=PARAMETRIC_ASCII_OUTSIDE_BOOT_WORD
WIDEN step=4 c=3 d=3 old_w=1 new_w=2
WIDEN step=10 c=9 d=9 old_w=2 new_w=3
WIDEN step=28 c=27 d=27 old_w=3 new_w=4
WIDEN step=82 c=81 d=81 old_w=4 new_w=5
WIDEN step=244 c=243 d=243 old_w=5 new_w=6
RESULT target=6 status=MAX_STEPS steps=244 padwidth=6 growth=5 final_c=244 cells=1256 capacity=0 stdout_len=82 repr=dense
HASH source=5f11ae79296299fed9fcf1178fe1a4ed4cc09eecaa4f89421c73d44cbd4e44db stdout=3f1aa2bae00e48a2105dc1d79131a7d86f63cfeccd126a39dbd7e8e53bf6be8e final_d=244 encrypted=178 assisted=0
	Command being timed: "/home/runner/work/_temp/start1-scale/vm6-True"
	User time (seconds): 0.00
	System time (seconds): 0.00
	Percent of CPU this job got: 85%
	Elapsed (wall clock) time (h:mm:ss or m:ss): 0:00.00
	Average shared text size (kbytes): 0
	Average unshared data size (kbytes): 0
	Average stack size (kbytes): 0
	Average total size (kbytes): 0
	Maximum resident set size (kbytes): 660
	Average resident set size (kbytes): 0
	Major (requiring I/O) page faults: 0
	Minor (reclaiming a frame) page faults: 100
	Voluntary context switches: 1
	Involuntary context switches: 0
	Swaps: 0
	File system inputs: 0
	File system outputs: 0
	Socket messages sent: 0
	Socket messages received: 0
	Signals delivered: 0
	Page size (bytes): 4096
	Exit status: 0
