representation=dense (u32 array, 12800 bytes for 3200 cells)
LABEL boot_width=1 source_ascii_min=33 boot_word_max=2 source_cells_outside_boot_word=3188 classification=PARAMETRIC_ASCII_OUTSIDE_BOOT_WORD
WIDEN step=4 c=3 d=3 old_w=1 new_w=2
WIDEN step=10 c=9 d=9 old_w=2 new_w=3
WIDEN step=28 c=27 d=27 old_w=3 new_w=4
WIDEN step=82 c=81 d=81 old_w=4 new_w=5
WIDEN step=244 c=243 d=243 old_w=5 new_w=6
WIDEN step=730 c=729 d=729 old_w=6 new_w=7
WIDEN step=2188 c=2187 d=2187 old_w=7 new_w=8
RESULT target=8 status=MAX_STEPS steps=2188 padwidth=8 growth=7 final_c=2188 cells=3200 capacity=0 stdout_len=713 repr=dense
HASH source=98f51634570ca2e3f561caddcfe53eaf5b983d6bd152b7a5e5950938d5cda2ab stdout=1630f04ec01fbf63c8a4a73ad24f48f2f8883965816da928a8d3d37a97401fdf final_d=2188 encrypted=1724 assisted=0
	Command being timed: "/home/runner/work/_temp/start1-scale/vm8-True"
	User time (seconds): 0.00
	System time (seconds): 0.00
	Percent of CPU this job got: 88%
	Elapsed (wall clock) time (h:mm:ss or m:ss): 0:00.00
	Average shared text size (kbytes): 0
	Average unshared data size (kbytes): 0
	Average stack size (kbytes): 0
	Average total size (kbytes): 0
	Maximum resident set size (kbytes): 660
	Average resident set size (kbytes): 0
	Major (requiring I/O) page faults: 0
	Minor (reclaiming a frame) page faults: 104
	Voluntary context switches: 1
	Involuntary context switches: 0
	Swaps: 0
	File system inputs: 0
	File system outputs: 0
	Socket messages sent: 0
	Socket messages received: 0
	Signals delivered: 0
	Page size (bytes): 4096
	Exit status: 0
