representation=dense (u32 array, 4056 bytes for 1014 cells)
LABEL boot_width=1 source_ascii_min=33 boot_word_max=2 source_cells_outside_boot_word=1002 classification=PARAMETRIC_ASCII_OUTSIDE_BOOT_WORD
AUDIT width=1 fetches=2 fetched_cells_outside_word=2 encrypted_cells=0 encryption_results_outside_word=0
RESULT target=1 status=MAX_STEPS steps=2 padwidth=1 growth=0 final_c=2 cells=1014 capacity=0 stdout_len=0 repr=dense
HASH source=8d7e9bb741f0e7ce9912959e1f0c6285dd7cb67068aac50306b642d0ff837eda stdout=e3b0c44298fc1c149afbf4c8996fb92427ae41e4649b934ca495991b7852b855 final_d=2 encrypted=0 assisted=0
	Command being timed: "/home/runner/work/_temp/start1-scale/vm1-True"
	User time (seconds): 0.00
	System time (seconds): 0.00
	Percent of CPU this job got: 88%
	Elapsed (wall clock) time (h:mm:ss or m:ss): 0:00.00
	Average shared text size (kbytes): 0
	Average unshared data size (kbytes): 0
	Average stack size (kbytes): 0
	Average total size (kbytes): 0
	Maximum resident set size (kbytes): 664
	Average resident set size (kbytes): 0
	Major (requiring I/O) page faults: 0
	Minor (reclaiming a frame) page faults: 98
	Voluntary context switches: 1
	Involuntary context switches: 0
	Swaps: 0
	File system inputs: 0
	File system outputs: 0
	Socket messages sent: 0
	Socket messages received: 0
	Signals delivered: 0
	Page size (bytes): 4096
	Exit status: 0
