representation=dense (u32 array, 82784 bytes for 20696 cells)
LABEL boot_width=1 source_ascii_min=33 boot_word_max=2 source_cells_outside_boot_word=20684 classification=PARAMETRIC_ASCII_OUTSIDE_BOOT_WORD
WIDEN step=4 c=3 d=3 old_w=1 new_w=2
WIDEN step=10 c=9 d=9 old_w=2 new_w=3
WIDEN step=28 c=27 d=27 old_w=3 new_w=4
WIDEN step=82 c=81 d=81 old_w=4 new_w=5
WIDEN step=244 c=243 d=243 old_w=5 new_w=6
WIDEN step=730 c=729 d=729 old_w=6 new_w=7
WIDEN step=2188 c=2187 d=2187 old_w=7 new_w=8
WIDEN step=6562 c=6561 d=6561 old_w=8 new_w=9
WIDEN step=19684 c=19683 d=19683 old_w=9 new_w=10
RESULT target=10 status=MAX_STEPS steps=19684 padwidth=10 growth=9 final_c=19684 cells=20696 capacity=0 stdout_len=6481 repr=dense
HASH source=a2e15bdd167309ce030a6c5cb46698c03e047303b7bedb8d07f1f8d9eaa137ea stdout=764d2c6853dc30f37b03d10dccb92a6aed864e318444d66a97c12b57f45186f1 final_d=19684 encrypted=15682 assisted=0
	Command being timed: "/home/runner/work/_temp/start1-scale/vm10-True"
	User time (seconds): 0.00
	System time (seconds): 0.00
	Percent of CPU this job got: 100%
	Elapsed (wall clock) time (h:mm:ss or m:ss): 0:00.00
	Average shared text size (kbytes): 0
	Average unshared data size (kbytes): 0
	Average stack size (kbytes): 0
	Average total size (kbytes): 0
	Maximum resident set size (kbytes): 788
	Average resident set size (kbytes): 0
	Major (requiring I/O) page faults: 0
	Minor (reclaiming a frame) page faults: 131
	Voluntary context switches: 1
	Involuntary context switches: 0
	Swaps: 0
	File system inputs: 0
	File system outputs: 0
	Socket messages sent: 0
	Socket messages received: 0
	Signals delivered: 0
	Page size (bytes): 4096
	Exit status: 0
