representation=dense (u32 array, 4088 bytes for 1022 cells)
LABEL boot_width=1 source_ascii_min=33 boot_word_max=2 source_cells_outside_boot_word=1010 classification=PARAMETRIC_ASCII_OUTSIDE_BOOT_WORD
AUDIT width=1 fetches=3 fetched_cells_outside_word=3 encrypted_cells=0 encryption_results_outside_word=0
AUDIT width=2 fetches=6 fetched_cells_outside_word=6 encrypted_cells=0 encryption_results_outside_word=0
AUDIT width=3 fetches=1 fetched_cells_outside_word=1 encrypted_cells=0 encryption_results_outside_word=0
RESULT target=3 status=MAX_STEPS steps=10 padwidth=3 growth=2 final_c=10 cells=1022 capacity=0 stdout_len=0 repr=dense
HASH source=0e8493ca745dfa37a3481845da1950a4c3c1ce4d0950e71aa1a63ebdd8439684 stdout=e3b0c44298fc1c149afbf4c8996fb92427ae41e4649b934ca495991b7852b855 final_d=10 encrypted=0 assisted=0
	Command being timed: "/home/runner/work/_temp/start1-scale/vm3-False"
	User time (seconds): 0.00
	System time (seconds): 0.00
	Percent of CPU this job got: 87%
	Elapsed (wall clock) time (h:mm:ss or m:ss): 0:00.00
	Average shared text size (kbytes): 0
	Average unshared data size (kbytes): 0
	Average stack size (kbytes): 0
	Average total size (kbytes): 0
	Maximum resident set size (kbytes): 664
	Average resident set size (kbytes): 0
	Major (requiring I/O) page faults: 0
	Minor (reclaiming a frame) page faults: 100
	Voluntary context switches: 1
	Involuntary context switches: 0
	Swaps: 0
	File system inputs: 0
	File system outputs: 0
	Socket messages sent: 0
	Socket messages received: 0
	Signals delivered: 0
	Page size (bytes): 4096
	Exit status: 0
