representation=dense (u32 array, 4376 bytes for 1094 cells)
LABEL boot_width=1 source_ascii_min=33 boot_word_max=2 source_cells_outside_boot_word=1082 classification=PARAMETRIC_ASCII_OUTSIDE_BOOT_WORD
WIDEN step=4 c=3 d=3 old_w=1 new_w=2
WIDEN step=10 c=9 d=9 old_w=2 new_w=3
WIDEN step=28 c=27 d=27 old_w=3 new_w=4
WIDEN step=82 c=81 d=81 old_w=4 new_w=5
AUDIT width=1 fetches=3 fetched_cells_outside_word=3 encrypted_cells=0 encryption_results_outside_word=0
AUDIT width=2 fetches=6 fetched_cells_outside_word=6 encrypted_cells=0 encryption_results_outside_word=0
AUDIT width=3 fetches=18 fetched_cells_outside_word=18 encrypted_cells=0 encryption_results_outside_word=0
AUDIT width=4 fetches=54 fetched_cells_outside_word=0 encrypted_cells=53 encryption_results_outside_word=32
AUDIT width=5 fetches=1 fetched_cells_outside_word=0 encrypted_cells=1 encryption_results_outside_word=0
RESULT target=5 status=MAX_STEPS steps=82 padwidth=5 growth=4 final_c=82 cells=1094 capacity=0 stdout_len=31 repr=dense
HASH source=86cd906ade5eea89076a0016ab1745584e6d98553d640b7dc83c4cde6b286040 stdout=4a79f73b9a597fae1ef54004c9785a72cae0f42843bc0d6848bc601641d8c913 final_d=82 encrypted=54 assisted=0
	Command being timed: "/home/runner/work/_temp/start1-scale/vm5-True"
	User time (seconds): 0.00
	System time (seconds): 0.00
	Percent of CPU this job got: 90%
	Elapsed (wall clock) time (h:mm:ss or m:ss): 0:00.00
	Average shared text size (kbytes): 0
	Average unshared data size (kbytes): 0
	Average stack size (kbytes): 0
	Average total size (kbytes): 0
	Maximum resident set size (kbytes): 664
	Average resident set size (kbytes): 0
	Major (requiring I/O) page faults: 0
	Minor (reclaiming a frame) page faults: 114
	Voluntary context switches: 1
	Involuntary context switches: 0
	Swaps: 0
	File system inputs: 0
	File system outputs: 0
	Socket messages sent: 0
	Socket messages received: 0
	Signals delivered: 0
	Page size (bytes): 4096
	Exit status: 0
