	Command being timed: "gcc -O2 -std=gnu99 /tmp/malbolgefree-e20-20261008/evidence/E20_CONTROLLED_20261008/nagoya/malbolge20.c -lm -o /tmp/e20-nagoya-oracle"
	User time (seconds): 0.09
	System time (seconds): 0.02
	Percent of CPU this job got: 96%
	Elapsed (wall clock) time (h:mm:ss or m:ss): 0:00.11
	Average shared text size (kbytes): 0
	Average unshared data size (kbytes): 0
	Average stack size (kbytes): 0
	Average total size (kbytes): 0
	Maximum resident set size (kbytes): 32888
	Average resident set size (kbytes): 0
	Major (requiring I/O) page faults: 1
	Minor (reclaiming a frame) page faults: 6794
	Voluntary context switches: 13
	Involuntary context switches: 75
	Swaps: 0
	File system inputs: 32
	File system outputs: 120
	Socket messages sent: 0
	Socket messages received: 0
	Signals delivered: 0
	Page size (bytes): 4096
	Exit status: 0
