1/3 t_m4_conservative.test.epochal degenerates to fixed before a frontier...OK
2/3 t_m4_conservative.test.frontier trigger preserves an existing memory cell...OK
3/3 t_m4_conservative.test.same epochal source is deterministic...OK
All 3 tests passed.
	Command being timed: "zig test --dep malbolge_free=malbolge_free -Mroot=tests/t_m4_conservative.zig -Mmalbolge_free=src/malbolge_free.zig"
	User time (seconds): 0.61
	System time (seconds): 0.18
	Percent of CPU this job got: 253%
	Elapsed (wall clock) time (h:mm:ss or m:ss): 0:00.31
	Average shared text size (kbytes): 0
	Average unshared data size (kbytes): 0
	Average stack size (kbytes): 0
	Average total size (kbytes): 0
	Maximum resident set size (kbytes): 138532
	Average resident set size (kbytes): 0
	Major (requiring I/O) page faults: 0
	Minor (reclaiming a frame) page faults: 28358
	Voluntary context switches: 4732
	Involuntary context switches: 194
	Swaps: 0
	File system inputs: 0
	File system outputs: 27344
	Socket messages sent: 0
	Socket messages received: 0
	Signals delivered: 0
	Page size (bytes): 4096
	Exit status: 0
