CASE name=hello20 status=HALTED steps=46418 width=20 growth=0 stdout_hex=48656c6c6f576f726c64
CASE name=eof_echo status=HALTED steps=3 width=20 growth=0 stdout_hex=ff
CASE name=byte_echo status=HALTED steps=3 width=20 growth=0 stdout_hex=41
	Command being timed: "zig run --dep malbolge_free -Mroot=/tmp/malbolgefree-e20-20261008/evidence/E20_CONTROLLED_20261008/fixed20.zig -Mmalbolge_free=src/malbolge_free.zig"
	User time (seconds): 0.20
	System time (seconds): 0.01
	Percent of CPU this job got: 96%
	Elapsed (wall clock) time (h:mm:ss or m:ss): 0:00.22
	Average shared text size (kbytes): 0
	Average unshared data size (kbytes): 0
	Average stack size (kbytes): 0
	Average total size (kbytes): 0
	Maximum resident set size (kbytes): 35864
	Average resident set size (kbytes): 0
	Major (requiring I/O) page faults: 0
	Minor (reclaiming a frame) page faults: 5439
	Voluntary context switches: 1
	Involuntary context switches: 91
	Swaps: 0
	File system inputs: 0
	File system outputs: 0
	Socket messages sent: 0
	Socket messages received: 0
	Signals delivered: 0
	Page size (bytes): 4096
	Exit status: 0
