	Command being timed: "zig build-exe -O ReleaseFast --dep malbolge_free --dep ladder_cfg -Mroot=/home/runner/work/_temp/ram-scale/probe.zig -Mmalbolge_free=/home/runner/work/_temp/ram-scale/instrumented_core.zig -Mladder_cfg=/home/runner/work/_temp/ram-scale/cfg20.zig -femit-bin=/home/runner/work/_temp/ram-scale/vm20"
	User time (seconds): 15.47
	System time (seconds): 0.79
	Percent of CPU this job got: 100%
	Elapsed (wall clock) time (h:mm:ss or m:ss): 0:16.24
	Average shared text size (kbytes): 0
	Average unshared data size (kbytes): 0
	Average stack size (kbytes): 0
	Average total size (kbytes): 0
	Maximum resident set size (kbytes): 365096
	Average resident set size (kbytes): 0
	Major (requiring I/O) page faults: 17
	Minor (reclaiming a frame) page faults: 268431
	Voluntary context switches: 4514
	Involuntary context switches: 157
	Swaps: 0
	File system inputs: 0
	File system outputs: 18056
	Socket messages sent: 0
	Socket messages received: 0
	Signals delivered: 0
	Page size (bytes): 4096
	Exit status: 0
