	Command being timed: "zig build-exe -O ReleaseFast --dep malbolge_free --dep ladder_cfg -Mroot=/home/runner/work/_temp/ram-scale/probe.zig -Mmalbolge_free=/home/runner/work/_temp/ram-scale/instrumented_core.zig -Mladder_cfg=/home/runner/work/_temp/ram-scale/cfg18.zig -femit-bin=/home/runner/work/_temp/ram-scale/vm18"
	User time (seconds): 14.62
	System time (seconds): 0.84
	Percent of CPU this job got: 100%
	Elapsed (wall clock) time (h:mm:ss or m:ss): 0:15.44
	Average shared text size (kbytes): 0
	Average unshared data size (kbytes): 0
	Average stack size (kbytes): 0
	Average total size (kbytes): 0
	Maximum resident set size (kbytes): 359060
	Average resident set size (kbytes): 0
	Major (requiring I/O) page faults: 16
	Minor (reclaiming a frame) page faults: 266590
	Voluntary context switches: 4476
	Involuntary context switches: 148
	Swaps: 0
	File system inputs: 0
	File system outputs: 18056
	Socket messages sent: 0
	Socket messages received: 0
	Signals delivered: 0
	Page size (bytes): 4096
	Exit status: 0
