	Command being timed: "zig build-exe -O ReleaseFast --dep malbolge_free --dep ladder_cfg -Mroot=/home/runner/work/_temp/ram-scale/probe.zig -Mmalbolge_free=/home/runner/work/_temp/ram-scale/instrumented_core.zig -Mladder_cfg=/home/runner/work/_temp/ram-scale/cfg14.zig -femit-bin=/home/runner/work/_temp/ram-scale/vm14"
	User time (seconds): 18.44
	System time (seconds): 0.91
	Percent of CPU this job got: 100%
	Elapsed (wall clock) time (h:mm:ss or m:ss): 0:19.32
	Average shared text size (kbytes): 0
	Average unshared data size (kbytes): 0
	Average stack size (kbytes): 0
	Average total size (kbytes): 0
	Maximum resident set size (kbytes): 404656
	Average resident set size (kbytes): 0
	Major (requiring I/O) page faults: 17
	Minor (reclaiming a frame) page faults: 309073
	Voluntary context switches: 4451
	Involuntary context switches: 152
	Swaps: 0
	File system inputs: 96
	File system outputs: 109208
	Socket messages sent: 0
	Socket messages received: 0
	Signals delivered: 0
	Page size (bytes): 4096
	Exit status: 0
