	Command being timed: "zig build-exe -O ReleaseFast --dep malbolge_free --dep ladder_cfg -Mroot=/home/runner/work/_temp/ram-scale/probe.zig -Mmalbolge_free=/home/runner/work/_temp/ram-scale/instrumented_core.zig -Mladder_cfg=/home/runner/work/_temp/ram-scale/cfg15.zig -femit-bin=/home/runner/work/_temp/ram-scale/vm15"
	User time (seconds): 14.62
	System time (seconds): 0.78
	Percent of CPU this job got: 100%
	Elapsed (wall clock) time (h:mm:ss or m:ss): 0:15.40
	Average shared text size (kbytes): 0
	Average unshared data size (kbytes): 0
	Average stack size (kbytes): 0
	Average total size (kbytes): 0
	Maximum resident set size (kbytes): 363984
	Average resident set size (kbytes): 0
	Major (requiring I/O) page faults: 17
	Minor (reclaiming a frame) page faults: 268476
	Voluntary context switches: 4138
	Involuntary context switches: 167
	Swaps: 0
	File system inputs: 0
	File system outputs: 18064
	Socket messages sent: 0
	Socket messages received: 0
	Signals delivered: 0
	Page size (bytes): 4096
	Exit status: 0
