representation=dense (u32 array, 6381344 bytes for 1595336 cells)
WIDEN step=59050 c=59049 d=59049 old_w=10 new_w=11
WIDEN step=177148 c=177147 d=177147 old_w=11 new_w=12
WIDEN step=531442 c=531441 d=531441 old_w=12 new_w=13
WIDEN step=1594324 c=1594323 d=1594323 old_w=13 new_w=14
RESULT target=14 status=MAX_STEPS steps=1594324 padwidth=14 growth=4 final_c=1594324 cells=1595336 capacity=0 stdout_len=525791 repr=dense
HASH source=059e9288a465d5999b451938402314d6f87a7b4c317ff7d2fee886eb05aa9f06 stdout=06bc5506d6143b1f25f7ec5046bec74d7db3624d64629eb31ce8d06e1336c5c4 final_d=1594324 encrypted=1272060 assisted=0
	Command being timed: "/home/runner/work/_temp/ram-scale/vm14"
	User time (seconds): 0.13
	System time (seconds): 0.00
	Percent of CPU this job got: 100%
	Elapsed (wall clock) time (h:mm:ss or m:ss): 0:00.13
	Average shared text size (kbytes): 0
	Average unshared data size (kbytes): 0
	Average stack size (kbytes): 0
	Average total size (kbytes): 0
	Maximum resident set size (kbytes): 9036
	Average resident set size (kbytes): 0
	Major (requiring I/O) page faults: 0
	Minor (reclaiming a frame) page faults: 1168
	Voluntary context switches: 1
	Involuntary context switches: 1
	Swaps: 0
	File system inputs: 0
	File system outputs: 0
	Socket messages sent: 0
	Socket messages received: 0
	Signals delivered: 0
	Page size (bytes): 4096
	Exit status: 0
