representation=dense (u32 array, 172190936 bytes for 43047734 cells)
WIDEN step=59050 c=59049 d=59049 old_w=10 new_w=11
WIDEN step=177148 c=177147 d=177147 old_w=11 new_w=12
WIDEN step=531442 c=531441 d=531441 old_w=12 new_w=13
WIDEN step=1594324 c=1594323 d=1594323 old_w=13 new_w=14
WIDEN step=4782970 c=4782969 d=4782969 old_w=14 new_w=15
WIDEN step=14348908 c=14348907 d=14348907 old_w=15 new_w=16
WIDEN step=43046722 c=43046721 d=43046721 old_w=16 new_w=17
RESULT target=17 status=MAX_STEPS steps=43046722 padwidth=17 growth=7 final_c=43046722 cells=43047734 capacity=0 stdout_len=14196264 repr=dense
HASH source=5be9840cea5428cc35e87e0e1a805375c37b34933d6d79f5f0da259c8f81bc58 stdout=d6b2b04ab73200764ba1d000e4db6e5f0687ada5cb29634c43310ac8e42f9b2f final_d=43046722 encrypted=34345763 assisted=0
	Command being timed: "/home/runner/work/_temp/ram-scale/vm17"
	User time (seconds): 3.90
	System time (seconds): 0.02
	Percent of CPU this job got: 100%
	Elapsed (wall clock) time (h:mm:ss or m:ss): 0:03.92
	Average shared text size (kbytes): 0
	Average unshared data size (kbytes): 0
	Average stack size (kbytes): 0
	Average total size (kbytes): 0
	Maximum resident set size (kbytes): 224736
	Average resident set size (kbytes): 0
	Major (requiring I/O) page faults: 0
	Minor (reclaiming a frame) page faults: 4005
	Voluntary context switches: 1
	Involuntary context switches: 23
	Swaps: 0
	File system inputs: 0
	File system outputs: 0
	Socket messages sent: 0
	Socket messages received: 0
	Signals delivered: 0
	Page size (bytes): 4096
	Exit status: 0
