representation=dense (u32 array, 516564704 bytes for 129141176 cells)
WIDEN step=59050 c=59049 d=59049 old_w=10 new_w=11
WIDEN step=177148 c=177147 d=177147 old_w=11 new_w=12
WIDEN step=531442 c=531441 d=531441 old_w=12 new_w=13
WIDEN step=1594324 c=1594323 d=1594323 old_w=13 new_w=14
WIDEN step=4782970 c=4782969 d=4782969 old_w=14 new_w=15
WIDEN step=14348908 c=14348907 d=14348907 old_w=15 new_w=16
WIDEN step=43046722 c=43046721 d=43046721 old_w=16 new_w=17
WIDEN step=129140164 c=129140163 d=129140163 old_w=17 new_w=18
RESULT target=18 status=MAX_STEPS steps=129140164 padwidth=18 growth=8 final_c=129140164 cells=129141176 capacity=0 stdout_len=42588775 repr=dense
HASH source=050db490c4266fcea1b0fc36898c8fb343f65002d147ca1b1b3ec8f5473523a9 stdout=a9309707439df6472ffbc1589584ed0d0c80dc5cf734674cfc7713e51333d1a6 final_d=129140164 encrypted=103037333 assisted=0
	Command being timed: "/home/runner/work/_temp/ram-scale/vm18"
	User time (seconds): 11.55
	System time (seconds): 0.04
	Percent of CPU this job got: 99%
	Elapsed (wall clock) time (h:mm:ss or m:ss): 0:11.60
	Average shared text size (kbytes): 0
	Average unshared data size (kbytes): 0
	Average stack size (kbytes): 0
	Average total size (kbytes): 0
	Maximum resident set size (kbytes): 673052
	Average resident set size (kbytes): 0
	Major (requiring I/O) page faults: 0
	Minor (reclaiming a frame) page faults: 5683
	Voluntary context switches: 1
	Involuntary context switches: 82
	Swaps: 0
	File system inputs: 0
	File system outputs: 0
	Socket messages sent: 0
	Socket messages received: 0
	Signals delivered: 0
	Page size (bytes): 4096
	Exit status: 0
