representation=dense (u32 array, 1549686008 bytes for 387421502 cells)
WIDEN step=59050 c=59049 d=59049 old_w=10 new_w=11
WIDEN step=177148 c=177147 d=177147 old_w=11 new_w=12
WIDEN step=531442 c=531441 d=531441 old_w=12 new_w=13
WIDEN step=1594324 c=1594323 d=1594323 old_w=13 new_w=14
WIDEN step=4782970 c=4782969 d=4782969 old_w=14 new_w=15
WIDEN step=14348908 c=14348907 d=14348907 old_w=15 new_w=16
WIDEN step=43046722 c=43046721 d=43046721 old_w=16 new_w=17
WIDEN step=129140164 c=129140163 d=129140163 old_w=17 new_w=18
WIDEN step=387420490 c=387420489 d=387420489 old_w=18 new_w=19
RESULT target=19 status=MAX_STEPS steps=387420490 padwidth=19 growth=9 final_c=387420490 cells=387421502 capacity=0 stdout_len=127766332 repr=dense
HASH source=54b18d09d211831332d8ac29c4f02014a0277fba5acfd3f510d30c7dfe7e2480 stdout=19018d4bf93652e59c9aafe2c60f5760fb2719b75906133b9d3a236cfdc50085 final_d=387420490 encrypted=309112062 assisted=0
	Command being timed: "/home/runner/work/_temp/ram-scale/vm19"
	User time (seconds): 35.47
	System time (seconds): 0.12
	Percent of CPU this job got: 99%
	Elapsed (wall clock) time (h:mm:ss or m:ss): 0:35.60
	Average shared text size (kbytes): 0
	Average unshared data size (kbytes): 0
	Average stack size (kbytes): 0
	Average total size (kbytes): 0
	Maximum resident set size (kbytes): 2019068
	Average resident set size (kbytes): 0
	Major (requiring I/O) page faults: 0
	Minor (reclaiming a frame) page faults: 7453
	Voluntary context switches: 1
	Involuntary context switches: 224
	Swaps: 0
	File system inputs: 0
	File system outputs: 0
	Socket messages sent: 0
	Socket messages received: 0
	Signals delivered: 0
	Page size (bytes): 4096
	Exit status: 0
