representation=dense (u32 array, 19135928 bytes for 4783982 cells)
WIDEN step=59050 c=59049 d=59049 old_w=10 new_w=11
WIDEN step=177148 c=177147 d=177147 old_w=11 new_w=12
WIDEN step=531442 c=531441 d=531441 old_w=12 new_w=13
WIDEN step=1594324 c=1594323 d=1594323 old_w=13 new_w=14
WIDEN step=4782970 c=4782969 d=4782969 old_w=14 new_w=15
RESULT target=15 status=MAX_STEPS steps=4782970 padwidth=15 growth=5 final_c=4782970 cells=4783982 capacity=0 stdout_len=1577368 repr=dense
HASH source=57a256c58d8ee2ce8275cfa33e0606217494910d2a30256f0b852f4c8e4e520a stdout=535773f0fa8d2b9c96a681a6e6df766abf5e11d513f813b27bb56f6e088a9cc3 final_d=4782970 encrypted=3816188 assisted=0
	Command being timed: "/home/runner/work/_temp/ram-scale/vm15"
	User time (seconds): 0.39
	System time (seconds): 0.00
	Percent of CPU this job got: 100%
	Elapsed (wall clock) time (h:mm:ss or m:ss): 0:00.40
	Average shared text size (kbytes): 0
	Average unshared data size (kbytes): 0
	Average stack size (kbytes): 0
	Average total size (kbytes): 0
	Maximum resident set size (kbytes): 25556
	Average resident set size (kbytes): 0
	Major (requiring I/O) page faults: 0
	Minor (reclaiming a frame) page faults: 1228
	Voluntary context switches: 1
	Involuntary context switches: 2
	Swaps: 0
	File system inputs: 0
	File system outputs: 0
	Socket messages sent: 0
	Socket messages received: 0
	Signals delivered: 0
	Page size (bytes): 4096
	Exit status: 0
