representation=dense (u32 array, 57399680 bytes for 14349920 cells)
WIDEN step=59050 c=59049 d=59049 old_w=10 new_w=11
WIDEN step=177148 c=177147 d=177147 old_w=11 new_w=12
WIDEN step=531442 c=531441 d=531441 old_w=12 new_w=13
WIDEN step=1594324 c=1594323 d=1594323 old_w=13 new_w=14
WIDEN step=4782970 c=4782969 d=4782969 old_w=14 new_w=15
WIDEN step=14348908 c=14348907 d=14348907 old_w=15 new_w=16
RESULT target=16 status=MAX_STEPS steps=14348908 padwidth=16 growth=6 final_c=14348908 cells=14349920 capacity=0 stdout_len=4732088 repr=dense
HASH source=3aca10fb8a545647de97d4a7cfc61d071cfcc0e19e7a675869a852a461a10566 stdout=430b616ea45d528c5a727d84d813eb9cef2e2a24a31cfa4f0fa6d7a5cd07b8da final_d=14348908 encrypted=11448588 assisted=0
	Command being timed: "/home/runner/work/_temp/ram-scale/vm16"
	User time (seconds): 1.24
	System time (seconds): 0.01
	Percent of CPU this job got: 99%
	Elapsed (wall clock) time (h:mm:ss or m:ss): 0:01.25
	Average shared text size (kbytes): 0
	Average unshared data size (kbytes): 0
	Average stack size (kbytes): 0
	Average total size (kbytes): 0
	Maximum resident set size (kbytes): 75352
	Average resident set size (kbytes): 0
	Major (requiring I/O) page faults: 0
	Minor (reclaiming a frame) page faults: 2435
	Voluntary context switches: 1
	Involuntary context switches: 6
	Swaps: 0
	File system inputs: 0
	File system outputs: 0
	Socket messages sent: 0
	Socket messages received: 0
	Signals delivered: 0
	Page size (bytes): 4096
	Exit status: 0
