	Command being timed: "zig build-exe -O ReleaseFast --dep malbolge_free --dep ladder_cfg -Mroot=/home/runner/work/_temp/e20-evidence/probe.zig -Mmalbolge_free=/home/runner/work/_temp/e20-evidence/instrumented_core.zig -Mladder_cfg=/home/runner/work/_temp/e20-evidence/cfg18.zig -femit-bin=/home/runner/work/_temp/e20-evidence/vm18-True"
	User time (seconds): 15.84
	System time (seconds): 0.80
	Percent of CPU this job got: 100%
	Elapsed (wall clock) time (h:mm:ss or m:ss): 0:16.63
	Average shared text size (kbytes): 0
	Average unshared data size (kbytes): 0
	Average stack size (kbytes): 0
	Average total size (kbytes): 0
	Maximum resident set size (kbytes): 371684
	Average resident set size (kbytes): 0
	Major (requiring I/O) page faults: 14
	Minor (reclaiming a frame) page faults: 270318
	Voluntary context switches: 4130
	Involuntary context switches: 152
	Swaps: 0
	File system inputs: 0
	File system outputs: 18056
	Socket messages sent: 0
	Socket messages received: 0
	Signals delivered: 0
	Page size (bytes): 4096
	Exit status: 0
