	Command being timed: "zig build-exe -O ReleaseFast --dep malbolge_free --dep ladder_cfg -Mroot=/home/runner/work/_temp/e20-evidence/probe.zig -Mmalbolge_free=/home/runner/work/MalbolgeFree/MalbolgeFree/src/malbolge_free.zig -Mladder_cfg=/home/runner/work/_temp/e20-evidence/cfg12.zig -femit-bin=/home/runner/work/_temp/e20-evidence/vm12-False"
	User time (seconds): 18.57
	System time (seconds): 0.84
	Percent of CPU this job got: 100%
	Elapsed (wall clock) time (h:mm:ss or m:ss): 0:19.38
	Average shared text size (kbytes): 0
	Average unshared data size (kbytes): 0
	Average stack size (kbytes): 0
	Average total size (kbytes): 0
	Maximum resident set size (kbytes): 380980
	Average resident set size (kbytes): 0
	Major (requiring I/O) page faults: 17
	Minor (reclaiming a frame) page faults: 292026
	Voluntary context switches: 5905
	Involuntary context switches: 171
	Swaps: 0
	File system inputs: 0
	File system outputs: 25472
	Socket messages sent: 0
	Socket messages received: 0
	Signals delivered: 0
	Page size (bytes): 4096
	Exit status: 0
