representation=dense (u32 array, 4649049920 bytes for 1162262480 cells)
WIDEN step=59050 c=59049 d=59049 old_w=10 new_w=11
WIDEN step=177148 c=177147 d=177147 old_w=11 new_w=12
WIDEN step=531442 c=531441 d=531441 old_w=12 new_w=13
WIDEN step=1594324 c=1594323 d=1594323 old_w=13 new_w=14
WIDEN step=4782970 c=4782969 d=4782969 old_w=14 new_w=15
WIDEN step=14348908 c=14348907 d=14348907 old_w=15 new_w=16
WIDEN step=43046722 c=43046721 d=43046721 old_w=16 new_w=17
WIDEN step=129140164 c=129140163 d=129140163 old_w=17 new_w=18
WIDEN step=387420490 c=387420489 d=387420489 old_w=18 new_w=19
WIDEN step=1162261468 c=1162261467 d=1162261467 old_w=19 new_w=20
RESULT target=20 status=MAX_STEPS steps=1162261468 padwidth=20 growth=10 final_c=1162261468 cells=1162262480 capacity=0 stdout_len=383299003 repr=dense
HASH source=b9788933f5892f3a855e93d746e74cb1561fd00882182ac2b4e704f41af91aac stdout=84b36064019d339f445bfa627609f38d897bde7db5f0398393851bf2ba3df770 final_d=1162261468 encrypted=927336249 assisted=0
	Command being timed: "/home/runner/work/_temp/e20-evidence/vm20-True"
	User time (seconds): 109.49
	System time (seconds): 0.36
	Percent of CPU this job got: 99%
	Elapsed (wall clock) time (h:mm:ss or m:ss): 1:49.87
	Average shared text size (kbytes): 0
	Average unshared data size (kbytes): 0
	Average stack size (kbytes): 0
	Average total size (kbytes): 0
	Maximum resident set size (kbytes): 6051784
	Average resident set size (kbytes): 0
	Major (requiring I/O) page faults: 0
	Minor (reclaiming a frame) page faults: 11544
	Voluntary context switches: 1
	Involuntary context switches: 1050
	Swaps: 0
	File system inputs: 0
	File system outputs: 0
	Socket messages sent: 0
	Socket messages received: 0
	Signals delivered: 0
	Page size (bytes): 4096
	Exit status: 0
