1/2 t_m5_full_vm.test.full VM run crosses 10 -> 11 -> 12...WIDEN step=59050 c=59049 d=59049 old_w=10 new_w=11
WIDEN step=177148 c=177147 d=177147 old_w=11 new_w=12
OK
2/2 t_m5_full_vm.test.full VM run stops at 11 before the second frontier...WIDEN step=59050 c=59049 d=59049 old_w=10 new_w=11
OK
All 2 tests passed.
	Command being timed: "zig test --dep malbolge_free -Mroot=tests/t_m5_full_vm.zig -Mmalbolge_free=/home/runner/work/_temp/e20-evidence/instrumented_core.zig"
	User time (seconds): 2.24
	System time (seconds): 0.23
	Percent of CPU this job got: 144%
	Elapsed (wall clock) time (h:mm:ss or m:ss): 0:01.71
	Average shared text size (kbytes): 0
	Average unshared data size (kbytes): 0
	Average stack size (kbytes): 0
	Average total size (kbytes): 0
	Maximum resident set size (kbytes): 141844
	Average resident set size (kbytes): 0
	Major (requiring I/O) page faults: 0
	Minor (reclaiming a frame) page faults: 28626
	Voluntary context switches: 2417
	Involuntary context switches: 27
	Swaps: 0
	File system inputs: 0
	File system outputs: 25648
	Socket messages sent: 0
	Socket messages received: 0
	Signals delivered: 0
	Page size (bytes): 4096
	Exit status: 0
