1/2 t_m5_full_vm.test.full VM run crosses 10 -> 11 -> 12...OK
2/2 t_m5_full_vm.test.full VM run stops at 11 before the second frontier...OK
All 2 tests passed.
	Command being timed: "zig test --dep malbolge_free -Mroot=tests/t_m5_full_vm.zig -Mmalbolge_free=/home/runner/work/MalbolgeFree/MalbolgeFree/src/malbolge_free.zig"
	User time (seconds): 5.94
	System time (seconds): 0.52
	Percent of CPU this job got: 114%
	Elapsed (wall clock) time (h:mm:ss or m:ss): 0:05.67
	Average shared text size (kbytes): 0
	Average unshared data size (kbytes): 0
	Average stack size (kbytes): 0
	Average total size (kbytes): 0
	Maximum resident set size (kbytes): 289492
	Average resident set size (kbytes): 0
	Major (requiring I/O) page faults: 0
	Minor (reclaiming a frame) page faults: 87657
	Voluntary context switches: 4361
	Involuntary context switches: 74
	Swaps: 0
	File system inputs: 96
	File system outputs: 116880
	Socket messages sent: 0
	Socket messages received: 0
	Signals delivered: 0
	Page size (bytes): 4096
	Exit status: 0
